2025-12-04 08:16:48,049 [INFO] Activator:176 - 


2025-12-04 08:16:48,061 [INFO] Activator:177 - !SESSION log4j initialized
2025-12-04 08:16:53,713 [INFO] LogOutputStream:77 - [STDOUT_REDIRECT] 
2025-12-04 08:16:59,196 [INFO] ApplicationProperties:184 - Using Application install path: C:\ST\STM32CubeIDE_1.16.1\STM32CubeIDE\plugins\com.st.stm32cube.common.mx_6.15.0.202507011659
2025-12-04 08:16:59,223 [INFO] DbMcusXml:78 - Set database path to: C:\ST\STM32CubeIDE_1.16.1\STM32CubeIDE\plugins\com.st.stm32cube.common.mx_6.15.0.202507011659\\db\/mcu/
2025-12-04 08:16:59,224 [INFO] ApiDb:274 - Set plugin database path to: C:\ST\STM32CubeIDE_1.16.1\STM32CubeIDE\plugins\com.st.stm32cube.common.mx_6.15.0.202507011659\\db\/plugins/boardmanager/
2025-12-04 08:16:59,224 [WARN] ApiDb:259 - Overriding images path with different value:  => C:\ST\STM32CubeIDE_1.16.1\STM32CubeIDE\plugins\com.st.stm32cube.common.mx_6.15.0.202507011659\\db\/plugins/mcufinder/images/
2025-12-04 08:16:59,243 [INFO] ApiDb:250 - Set database path to: C:\Users\penel\.stmcufinder\plugins\mcufinder//mcu/
2025-12-04 08:16:59,244 [INFO] DbMcusAds:125 - Set database path to: C:\Users\penel\.stmcufinder\plugins\mcufinder//mcu/
2025-12-04 08:16:59,259 [INFO] CrossReferenceDbSqlite:203 - Set database path to: C:\Users\penel\.stmcufinder\plugins\mcufinder//mcu/cs/
2025-12-04 08:16:59,456 [INFO] RulesReader:64 - Compatibility file has been processed (317 Rules)
2025-12-04 08:16:59,611 [INFO] DbMcusXml:78 - Set database path to: C:\ST\STM32CubeIDE_1.16.1\STM32CubeIDE\plugins\com.st.stm32cube.common.mx_6.15.0.202507011659\\db\/mcu/
2025-12-04 08:16:59,611 [INFO] ApiDb:274 - Set plugin database path to: C:\ST\STM32CubeIDE_1.16.1\STM32CubeIDE\plugins\com.st.stm32cube.common.mx_6.15.0.202507011659\\db\/plugins/boardmanager/
2025-12-04 08:16:59,612 [INFO] ApiDb:261 - Set plugin images path to: C:\ST\STM32CubeIDE_1.16.1\STM32CubeIDE\plugins\com.st.stm32cube.common.mx_6.15.0.202507011659\\db\/plugins/mcufinder/images/
2025-12-04 08:16:59,612 [WARN] DbFile:41 - Overriding database path with different value: C:\Users\penel\.stmcufinder\plugins\mcufinder/ => C:\Users\penel\.stmcufinder\plugins\mcufinder
2025-12-04 08:16:59,612 [INFO] ApiDb:250 - Set database path to: C:\Users\penel\.stmcufinder\plugins\mcufinder//mcu/
2025-12-04 08:16:59,612 [WARN] DbFile:41 - Overriding database path with different value: C:\Users\penel\.stmcufinder\plugins\mcufinder/ => C:\Users\penel\.stmcufinder\plugins\mcufinder
2025-12-04 08:16:59,612 [INFO] DbMcusAds:125 - Set database path to: C:\Users\penel\.stmcufinder\plugins\mcufinder//mcu/
2025-12-04 08:16:59,612 [WARN] DbFile:41 - Overriding database path with different value: C:\Users\penel\.stmcufinder\plugins\mcufinder/ => C:\Users\penel\.stmcufinder\plugins\mcufinder
2025-12-04 08:16:59,613 [WARN] DbFile:41 - Overriding database path with different value: C:\Users\penel\.stmcufinder\plugins\mcufinder/ => C:\Users\penel\.stmcufinder\plugins\mcufinder
2025-12-04 08:16:59,620 [INFO] CrossReferenceDbSqlite:203 - Set database path to: C:\Users\penel\.stmcufinder\plugins\mcufinder//mcu/cs/
2025-12-04 08:16:59,735 [INFO] MainPanel:274 - HeapMemory: 268435456
2025-12-04 08:16:59,905 [INFO] DbMcusXml:78 - Set database path to: C:\ST\STM32CubeIDE_1.16.1\STM32CubeIDE\plugins\com.st.stm32cube.common.mx_6.15.0.202507011659\\db\/mcu/
2025-12-04 08:16:59,905 [INFO] ApiDb:274 - Set plugin database path to: C:\ST\STM32CubeIDE_1.16.1\STM32CubeIDE\plugins\com.st.stm32cube.common.mx_6.15.0.202507011659\\db\/plugins/boardmanager/
2025-12-04 08:16:59,905 [INFO] ApiDb:261 - Set plugin images path to: C:\ST\STM32CubeIDE_1.16.1\STM32CubeIDE\plugins\com.st.stm32cube.common.mx_6.15.0.202507011659\\db\/plugins/mcufinder/images/
2025-12-04 08:16:59,906 [WARN] DbFile:41 - Overriding database path with different value: C:\Users\penel\.stmcufinder\plugins\mcufinder/ => C:\Users\penel\.stmcufinder\plugins\mcufinder
2025-12-04 08:16:59,906 [INFO] ApiDb:250 - Set database path to: C:\Users\penel\.stmcufinder\plugins\mcufinder//mcu/
2025-12-04 08:16:59,906 [WARN] DbFile:41 - Overriding database path with different value: C:\Users\penel\.stmcufinder\plugins\mcufinder/ => C:\Users\penel\.stmcufinder\plugins\mcufinder
2025-12-04 08:16:59,906 [INFO] DbMcusAds:125 - Set database path to: C:\Users\penel\.stmcufinder\plugins\mcufinder//mcu/
2025-12-04 08:16:59,906 [WARN] DbFile:41 - Overriding database path with different value: C:\Users\penel\.stmcufinder\plugins\mcufinder/ => C:\Users\penel\.stmcufinder\plugins\mcufinder
2025-12-04 08:16:59,906 [WARN] DbFile:41 - Overriding database path with different value: C:\Users\penel\.stmcufinder\plugins\mcufinder/ => C:\Users\penel\.stmcufinder\plugins\mcufinder
2025-12-04 08:16:59,914 [INFO] CrossReferenceDbSqlite:203 - Set database path to: C:\Users\penel\.stmcufinder\plugins\mcufinder//mcu/cs/
2025-12-04 08:16:59,949 [INFO] ApplicationProperties:184 - Using Application install path: C:\ST\STM32CubeIDE_1.16.1\STM32CubeIDE\plugins\com.st.stm32cube.common.mx_6.15.0.202507011659
2025-12-04 08:16:59,952 [INFO] PluginManage:196 - Search for loadable plugins [exclusion list=, ]
2025-12-04 08:16:59,953 [INFO] PluginManage:310 - Check plugin analytics
2025-12-04 08:17:00,336 [INFO] AnalyticsPlugin:253 - Accepted Software Licenses: STM32CubeMX.6.15.0
2025-12-04 08:17:00,336 [INFO] AnalyticsPlugin:255 - Accepted CMSIS Pack Licenses: STMicroelectronics.X-CUBE-TOF1.3.4.3
2025-12-04 08:17:00,336 [INFO] AnalyticsPlugin:257 - Accepted Firmware Licenses: FW.WB.1.20.0,FW.G4.1.6.0
2025-12-04 08:17:00,336 [INFO] PluginManage:359 - Loaded plugin analytics (category:tool,tabindex:-1)
2025-12-04 08:17:00,336 [INFO] PluginManage:310 - Check plugin cadmodel
2025-12-04 08:17:00,367 [INFO] CADModel:105 - Init CAD model plugin
2025-12-04 08:17:00,367 [INFO] PluginManage:359 - Loaded plugin cadmodel (category:power,tabindex:5)
2025-12-04 08:17:00,367 [INFO] PluginManage:310 - Check plugin clock
2025-12-04 08:17:00,383 [INFO] PluginManage:359 - Loaded plugin clock (category:base,tabindex:2)
2025-12-04 08:17:00,383 [INFO] PluginManage:310 - Check plugin ddr
2025-12-04 08:17:00,399 [INFO] PluginManage:359 - Loaded plugin ddr (category:tool,tabindex:6)
2025-12-04 08:17:00,399 [INFO] PluginManage:310 - Check plugin filemanager
2025-12-04 08:17:00,642 [INFO] PluginManage:359 - Loaded plugin filemanager (category:base,tabindex:10)
2025-12-04 08:17:00,642 [INFO] PluginManage:310 - Check plugin ipmanager
2025-12-04 08:17:00,689 [INFO] PluginManage:359 - Loaded plugin ipmanager (category:base,tabindex:5)
2025-12-04 08:17:00,689 [INFO] PluginManage:310 - Check plugin lpbam
2025-12-04 08:17:00,717 [INFO] PluginManage:359 - Loaded plugin lpbam (category:base,tabindex:0)
2025-12-04 08:17:00,717 [INFO] PluginManage:310 - Check plugin memorymap
2025-12-04 08:17:00,764 [INFO] PluginManage:359 - Loaded plugin memorymap (category:base,tabindex:4)
2025-12-04 08:17:00,764 [INFO] PluginManage:310 - Check plugin pinoutandconfiguration
2025-12-04 08:17:00,796 [INFO] PluginManage:359 - Loaded plugin pinoutandconfiguration (category:base,tabindex:1)
2025-12-04 08:17:00,796 [INFO] PluginManage:310 - Check plugin pinoutconfig
2025-12-04 08:17:00,990 [WARN] SupportedApi:132 - Cannot load RTOS API schema: s4s-elt-must-match.1: The content of 'definitions' must match (annotation?, (simpleType | complexType)?, (unique | key | keyref)*)). A problem was found starting at: attribute.
2025-12-04 08:17:01,226 [INFO] PluginManage:359 - Loaded plugin pinoutconfig (category:base,tabindex:0)
2025-12-04 08:17:01,226 [INFO] PluginManage:310 - Check plugin power
2025-12-04 08:17:01,263 [INFO] PluginManage:359 - Loaded plugin power (category:power,tabindex:4)
2025-12-04 08:17:01,263 [INFO] PluginManage:310 - Check plugin projectmanager
2025-12-04 08:17:01,291 [INFO] PluginManage:359 - Loaded plugin projectmanager (category:projectmanager,tabindex:4)
2025-12-04 08:17:01,291 [INFO] PluginManage:310 - Check plugin rif
2025-12-04 08:17:01,341 [INFO] PluginManage:359 - Loaded plugin rif (category:base,tabindex:3)
2025-12-04 08:17:01,341 [INFO] PluginManage:310 - Check plugin thirdparty
2025-12-04 08:17:01,936 [INFO] PluginManage:359 - Loaded plugin thirdparty (category:base,tabindex:-1)
2025-12-04 08:17:01,937 [INFO] PluginManage:310 - Check plugin tools
2025-12-04 08:17:01,936 [WARN] IntegrityCheckThread:84 - waiting for thirdparty lock release [integrity check]
2025-12-04 08:17:01,937 [INFO] IntegrityCheckThread:86 - entering critical section [integrity check]
2025-12-04 08:17:01,938 [INFO] ThirdPartyUpdaterWithRetryManager:70 - Updater plugin not ready yet. [1/15]
2025-12-04 08:17:02,001 [INFO] PluginManage:359 - Loaded plugin tools (category:base,tabindex:7)
2025-12-04 08:17:02,001 [INFO] PluginManage:310 - Check plugin tutovideos
2025-12-04 08:17:02,319 [INFO] PluginManage:359 - Loaded plugin tutovideos (category:base,tabindex:-1)
2025-12-04 08:17:02,319 [INFO] PluginManage:310 - Check plugin updater
2025-12-04 08:17:02,350 [INFO] PluginManage:359 - Loaded plugin updater (category:base,tabindex:12)
2025-12-04 08:17:02,350 [INFO] PluginManage:310 - Check plugin userauth
2025-12-04 08:17:02,350 [INFO] UserAuth:118 - Init User Auth plugin
2025-12-04 08:17:02,350 [INFO] PluginManage:359 - Loaded plugin userauth (category:base,tabindex:14)
2025-12-04 08:17:02,366 [INFO] PluginManage:283 - PluginManage : Loaded plugins [18]
2025-12-04 08:17:02,705 [INFO] PinOutPanel:1589 - setPackage(No Configuration,No Configuration)
2025-12-04 08:17:02,846 [INFO] CADModel:165 - CPN selected for project level
2025-12-04 08:17:02,847 [INFO] CADModel:114 - Register for checkConnection events
2025-12-04 08:17:02,883 [INFO] IPUIPlugin:80 - create IPUIPlugin
2025-12-04 08:17:02,883 [INFO] PluginManager:220 - loadIPPluginJar : add adc
2025-12-04 08:17:03,004 [INFO] IPUIPlugin:80 - create IPUIPlugin
2025-12-04 08:17:03,004 [INFO] PluginManager:220 - loadIPPluginJar : add aes
2025-12-04 08:17:03,141 [INFO] IPUIPlugin:80 - create IPUIPlugin
2025-12-04 08:17:03,145 [INFO] PluginManager:220 - loadIPPluginJar : add can
2025-12-04 08:17:03,341 [INFO] IPUIPlugin:80 - create IPUIPlugin
2025-12-04 08:17:03,341 [INFO] PluginManager:220 - loadIPPluginJar : add comp
2025-12-04 08:17:03,489 [INFO] IPUIPlugin:80 - create IPUIPlugin
2025-12-04 08:17:03,490 [INFO] PluginManager:220 - loadIPPluginJar : add cryp
2025-12-04 08:17:03,532 [INFO] IPUIPlugin:80 - create IPUIPlugin
2025-12-04 08:17:03,532 [INFO] PluginManager:220 - loadIPPluginJar : add ddr_ctrl_phy
2025-12-04 08:17:03,617 [INFO] IPUIPlugin:80 - create IPUIPlugin
2025-12-04 08:17:03,617 [INFO] PluginManager:220 - loadIPPluginJar : add dfsdm
2025-12-04 08:17:03,644 [INFO] IPUIPlugin:80 - create IPUIPlugin
2025-12-04 08:17:03,645 [INFO] PluginManager:220 - loadIPPluginJar : add dma
2025-12-04 08:17:03,714 [INFO] IPUIPlugin:80 - create IPUIPlugin
2025-12-04 08:17:03,714 [INFO] PluginManager:220 - loadIPPluginJar : add dma3
2025-12-04 08:17:03,789 [INFO] IPUIPlugin:80 - create IPUIPlugin
2025-12-04 08:17:03,789 [INFO] PluginManager:220 - loadIPPluginJar : add extmemmanager
2025-12-04 08:17:03,832 [INFO] IPUIPlugin:80 - create IPUIPlugin
2025-12-04 08:17:03,832 [INFO] PluginManager:220 - loadIPPluginJar : add fatfs
2025-12-04 08:17:03,906 [INFO] IPUIPlugin:80 - create IPUIPlugin
2025-12-04 08:17:03,906 [INFO] PluginManager:220 - loadIPPluginJar : add fmc
2025-12-04 08:17:03,927 [INFO] IPUIPlugin:80 - create IPUIPlugin
2025-12-04 08:17:03,928 [INFO] PluginManager:220 - loadIPPluginJar : add freertos
2025-12-04 08:17:03,961 [INFO] IPUIPlugin:80 - create IPUIPlugin
2025-12-04 08:17:03,961 [INFO] PluginManager:220 - loadIPPluginJar : add genericplugin
2025-12-04 08:17:04,094 [INFO] IPUIPlugin:80 - create IPUIPlugin
2025-12-04 08:17:04,094 [INFO] PluginManager:220 - loadIPPluginJar : add gfxmmu
2025-12-04 08:17:04,294 [INFO] IPUIPlugin:80 - create IPUIPlugin
2025-12-04 08:17:04,294 [INFO] PluginManager:220 - loadIPPluginJar : add gic
2025-12-04 08:17:04,310 [INFO] IPUIPlugin:80 - create IPUIPlugin
2025-12-04 08:17:04,310 [INFO] PluginManager:220 - loadIPPluginJar : add gpio
2025-12-04 08:17:04,437 [INFO] IPUIPlugin:80 - create IPUIPlugin
2025-12-04 08:17:04,437 [INFO] PluginManager:220 - loadIPPluginJar : add gtzc
2025-12-04 08:17:04,485 [INFO] IPUIPlugin:80 - create IPUIPlugin
2025-12-04 08:17:04,485 [INFO] PluginManager:220 - loadIPPluginJar : add hash
2025-12-04 08:17:04,568 [INFO] IPUIPlugin:80 - create IPUIPlugin
2025-12-04 08:17:04,568 [INFO] PluginManager:220 - loadIPPluginJar : add i2c
2025-12-04 08:17:04,635 [INFO] IPUIPlugin:80 - create IPUIPlugin
2025-12-04 08:17:04,635 [INFO] PluginManager:220 - loadIPPluginJar : add i2s
2025-12-04 08:17:04,682 [INFO] IPUIPlugin:80 - create IPUIPlugin
2025-12-04 08:17:04,699 [INFO] PluginManager:220 - loadIPPluginJar : add i3c
2025-12-04 08:17:04,837 [INFO] IPUIPlugin:80 - create IPUIPlugin
2025-12-04 08:17:04,837 [INFO] PluginManager:220 - loadIPPluginJar : add ipddr
2025-12-04 08:17:04,951 [INFO] ThirdPartyUpdaterWithRetryManager:70 - Updater plugin not ready yet. [2/15]
2025-12-04 08:17:05,002 [INFO] IPUIPlugin:80 - create IPUIPlugin
2025-12-04 08:17:05,002 [INFO] PluginManager:220 - loadIPPluginJar : add linkedlist
2025-12-04 08:17:05,052 [INFO] IPUIPlugin:80 - create IPUIPlugin
2025-12-04 08:17:05,052 [INFO] PluginManager:220 - loadIPPluginJar : add lorawan
2025-12-04 08:17:05,119 [INFO] IPUIPlugin:80 - create IPUIPlugin
2025-12-04 08:17:05,119 [INFO] PluginManager:220 - loadIPPluginJar : add ltdc
2025-12-04 08:17:05,142 [INFO] IPUIPlugin:80 - create IPUIPlugin
2025-12-04 08:17:05,142 [INFO] PluginManager:220 - loadIPPluginJar : add mdma
2025-12-04 08:17:05,174 [INFO] IPUIPlugin:80 - create IPUIPlugin
2025-12-04 08:17:05,175 [INFO] PluginManager:220 - loadIPPluginJar : add nvic
2025-12-04 08:17:05,285 [INFO] IPUIPlugin:80 - create IPUIPlugin
2025-12-04 08:17:05,286 [INFO] PluginManager:220 - loadIPPluginJar : add opamp
2025-12-04 08:17:05,454 [INFO] IPUIPlugin:80 - create IPUIPlugin
2025-12-04 08:17:05,454 [INFO] PluginManager:220 - loadIPPluginJar : add openamp
2025-12-04 08:17:05,561 [INFO] IPUIPlugin:80 - create IPUIPlugin
2025-12-04 08:17:05,561 [INFO] PluginManager:220 - loadIPPluginJar : add pdm2pcm
2025-12-04 08:17:05,582 [INFO] IPUIPlugin:80 - create IPUIPlugin
2025-12-04 08:17:05,585 [INFO] PluginManager:220 - loadIPPluginJar : add plateformsettings
2025-12-04 08:17:05,623 [INFO] IPUIPlugin:80 - create IPUIPlugin
2025-12-04 08:17:05,623 [INFO] PluginManager:220 - loadIPPluginJar : add quadspi
2025-12-04 08:17:05,666 [INFO] IPUIPlugin:80 - create IPUIPlugin
2025-12-04 08:17:05,666 [INFO] PluginManager:220 - loadIPPluginJar : add radio
2025-12-04 08:17:05,686 [INFO] IPUIPlugin:80 - create IPUIPlugin
2025-12-04 08:17:05,686 [INFO] PluginManager:220 - loadIPPluginJar : add resmgrutility
2025-12-04 08:17:05,749 [INFO] IPUIPlugin:80 - create IPUIPlugin
2025-12-04 08:17:05,749 [INFO] PluginManager:220 - loadIPPluginJar : add sai
2025-12-04 08:17:05,812 [INFO] IPUIPlugin:80 - create IPUIPlugin
2025-12-04 08:17:05,812 [INFO] PluginManager:220 - loadIPPluginJar : add spi
2025-12-04 08:17:05,958 [INFO] IPUIPlugin:80 - create IPUIPlugin
2025-12-04 08:17:05,958 [INFO] PluginManager:220 - loadIPPluginJar : add stm32_wpan
2025-12-04 08:17:06,002 [INFO] IPUIPlugin:80 - create IPUIPlugin
2025-12-04 08:17:06,002 [INFO] PluginManager:220 - loadIPPluginJar : add tim
2025-12-04 08:17:06,103 [INFO] IPUIPlugin:80 - create IPUIPlugin
2025-12-04 08:17:06,103 [INFO] PluginManager:220 - loadIPPluginJar : add touchsensing
2025-12-04 08:17:06,142 [INFO] IPUIPlugin:80 - create IPUIPlugin
2025-12-04 08:17:06,142 [INFO] PluginManager:220 - loadIPPluginJar : add tracer_emb
2025-12-04 08:17:06,180 [INFO] IPUIPlugin:80 - create IPUIPlugin
2025-12-04 08:17:06,180 [INFO] PluginManager:220 - loadIPPluginJar : add ts
2025-12-04 08:17:06,215 [INFO] IPUIPlugin:80 - create IPUIPlugin
2025-12-04 08:17:06,215 [INFO] PluginManager:220 - loadIPPluginJar : add tsc
2025-12-04 08:17:06,247 [INFO] IPUIPlugin:80 - create IPUIPlugin
2025-12-04 08:17:06,247 [INFO] PluginManager:220 - loadIPPluginJar : add ucpd
2025-12-04 08:17:06,302 [INFO] IPUIPlugin:80 - create IPUIPlugin
2025-12-04 08:17:06,302 [INFO] PluginManager:220 - loadIPPluginJar : add usart
2025-12-04 08:17:06,374 [INFO] IPUIPlugin:80 - create IPUIPlugin
2025-12-04 08:17:06,374 [INFO] PluginManager:220 - loadIPPluginJar : add usbx
2025-12-04 08:17:06,571 [FATAL] Updater:351 - Updater called before beeing initialized
2025-12-04 08:17:06,627 [INFO] RulesReader:64 - Compatibility file has been processed (317 Rules)
2025-12-04 08:17:06,650 [INFO] RulesReader:64 - Compatibility file has been processed (317 Rules)
2025-12-04 08:17:06,662 [INFO] CADModel:165 - CPN selected for project level
2025-12-04 08:17:06,662 [INFO] CADModel:114 - Register for checkConnection events
2025-12-04 08:17:06,662 [FATAL] Updater:351 - Updater called before beeing initialized
2025-12-04 08:17:06,662 [ERROR] CADModel:125 - Updater not yet initialized, retry later 
2025-12-04 08:17:06,918 [FATAL] Updater:351 - Updater called before beeing initialized
2025-12-04 08:17:06,920 [INFO] CADModel:165 - CPN selected for project level
2025-12-04 08:17:06,921 [INFO] CADModel:114 - Register for checkConnection events
2025-12-04 08:17:06,921 [FATAL] Updater:351 - Updater called before beeing initialized
2025-12-04 08:17:06,921 [ERROR] CADModel:125 - Updater not yet initialized, retry later 
2025-12-04 08:17:06,924 [FATAL] Updater:351 - Updater called before beeing initialized
2025-12-04 08:17:07,121 [FATAL] Updater:351 - Updater called before beeing initialized
2025-12-04 08:17:07,129 [INFO] DbMcusAds:53 - JSON generation date=Tue Nov 25 15:08:32 CET 2025 (1764079712835)
2025-12-04 08:17:07,129 [FATAL] Updater:351 - Updater called before beeing initialized
2025-12-04 08:17:07,180 [WARN] DetailPanel:346 - Failed to get advertising image, set to default
2025-12-04 08:17:07,295 [FATAL] Updater:351 - Updater called before beeing initialized
2025-12-04 08:17:07,303 [FATAL] Updater:351 - Updater called before beeing initialized
2025-12-04 08:17:07,303 [FATAL] Updater:351 - Updater called before beeing initialized
2025-12-04 08:17:07,303 [WARN] DetailPanel:346 - Failed to get advertising image, set to default
2025-12-04 08:17:07,305 [FATAL] Updater:351 - Updater called before beeing initialized
2025-12-04 08:17:07,415 [ERROR] Updater:1198 - MainUpdater not yet initialized. External WinMGr cannot be set.
2025-12-04 08:17:07,431 [INFO] Updater:1134 - Updater Version found : 6.15.0
2025-12-04 08:17:07,455 [INFO] ApplicationProperties:184 - Using Application install path: C:\ST\STM32CubeIDE_1.16.1\STM32CubeIDE\plugins\com.st.stm32cube.common.mx_6.15.0.202507011659
2025-12-04 08:17:07,965 [INFO] ThirdPartyUpdaterWithRetryManager:70 - Updater plugin not ready yet. [3/15]
2025-12-04 08:17:09,079 [ERROR] LogOutputStream:75 - [STDERR_REDIRECT] Dec 04, 2025 8:17:09 AM java.util.prefs.WindowsPreferences <init>
2025-12-04 08:17:09,083 [ERROR] LogOutputStream:75 - [STDERR_REDIRECT] WARNING: Could not open/create prefs root node Software\JavaSoft\Prefs at root 0xffffffff80000002. Windows RegCreateKeyEx(...) returned error code 5.
2025-12-04 08:17:09,084 [ERROR] LogOutputStream:75 - [STDERR_REDIRECT] 
2025-12-04 08:17:09,852 [INFO] MainUpdater:2872 - connection check result : 10
2025-12-04 08:17:09,852 [INFO] MainUpdater:289 - Updater Check For Update Now.
2025-12-04 08:17:09,852 [INFO] MicroXplorer:498 - Change Database Version : DB.6.0.150
2025-12-04 08:17:09,900 [INFO] McuFinderGlobals:63 - Set McuFinder mode to 2 (CubeIDE integrated)
2025-12-04 08:17:09,916 [INFO] UserAuth:487 - Internet connection configuration mode: 1
2025-12-04 08:17:09,967 [INFO] JxBrowserEngine:152 - Initiate JxBrowser Engine with user profile folder
2025-12-04 08:17:10,209 [INFO] CheckServerUpdateThread:120 - End of CheckServer Thread
2025-12-04 08:17:11,439 [WARN] PackLoader:240 - Cannot read IP mode file for STMicroelectronics.FP-SNS-MOTENVWB1.1.4.0
2025-12-04 08:17:11,475 [WARN] PackLoader:240 - Cannot read IP mode file for STMicroelectronics.FP-ATR-ASTRA1.2.0.2
2025-12-04 08:17:11,503 [WARN] PackLoader:240 - Cannot read IP mode file for STMicroelectronics.FP-ATR-ASTRA1.2.0.1
2025-12-04 08:17:11,531 [WARN] PackLoader:240 - Cannot read IP mode file for STMicroelectronics.X-CUBE-SMBUS.2.1.0
2025-12-04 08:17:11,564 [WARN] PackLoader:240 - Cannot read IP mode file for STMicroelectronics.X-CUBE-WB05N.1.1.0
2025-12-04 08:17:11,589 [WARN] PackLoader:240 - Cannot read IP mode file for STMicroelectronics.X-CUBE-ST60.1.0.0
2025-12-04 08:17:12,969 [WARN] PackLoader:240 - Cannot read IP mode file for STMicroelectronics.X-CUBE-AZRTOS-F7.1.1.0
2025-12-04 08:17:13,137 [WARN] PackLoader:240 - Cannot read IP mode file for STMicroelectronics.X-CUBE-MEMS1.11.0.0
2025-12-04 08:17:13,912 [WARN] PackLoader:240 - Cannot read IP mode file for STMicroelectronics.FP-SNS-MOTENV1.5.1.0
2025-12-04 08:17:13,953 [WARN] PackLoader:240 - Cannot read IP mode file for STMicroelectronics.FP-SNS-FLIGHT1.5.0.2
2025-12-04 08:17:14,043 [WARN] PackLoader:240 - Cannot read IP mode file for STMicroelectronics.X-CUBE-AZRTOS-H7.3.4.0
2025-12-04 08:17:14,098 [WARN] PackLoader:240 - Cannot read IP mode file for STMicroelectronics.X-CUBE-DISPLAY.3.0.0
2025-12-04 08:17:14,145 [WARN] PackLoader:240 - Cannot read IP mode file for STMicroelectronics.X-CUBE-BLE1.7.0.0
2025-12-04 08:17:14,190 [WARN] PackLoader:240 - Cannot read IP mode file for STMicroelectronics.X-CUBE-NFC10.1.0.0
2025-12-04 08:17:14,242 [WARN] PackLoader:240 - Cannot read IP mode file for STMicroelectronics.X-CUBE-BLEMGR.4.0.0
2025-12-04 08:17:14,299 [WARN] PackLoader:240 - Cannot read IP mode file for STMicroelectronics.X-CUBE-ST60.1.1.0
2025-12-04 08:17:14,342 [WARN] PackLoader:240 - Cannot read IP mode file for emotas.I-CUBE-CANOPEN.1.3.0
2025-12-04 08:17:14,347 [INFO] WebApp:169 - Instantiating new browser for Auth
2025-12-04 08:17:14,395 [WARN] PackLoader:240 - Cannot read IP mode file for STMicroelectronics.X-CUBE-GNSS1.7.1.0
2025-12-04 08:17:14,534 [WARN] PackLoader:240 - Cannot read IP mode file for STMicroelectronics.X-CUBE-BLEMGR.3.1.0
2025-12-04 08:17:14,585 [WARN] PackLoader:240 - Cannot read IP mode file for STMicroelectronics.X-CUBE-AI.10.0.0
2025-12-04 08:17:14,639 [WARN] PackLoader:240 - Cannot read IP mode file for STMicroelectronics.FP-SNS-STBOX1.2.1.0
2025-12-04 08:17:14,680 [WARN] PackLoader:240 - Cannot read IP mode file for STMicroelectronics.FP-SNS-SMARTAG2.1.2.0
2025-12-04 08:17:14,717 [WARN] PackLoader:240 - Cannot read IP mode file for STMicroelectronics.FP-SNS-FLIGHT1.5.1.0
2025-12-04 08:17:14,861 [WARN] PackLoader:240 - Cannot read IP mode file for STMicroelectronics.X-CUBE-MEMS1.11.1.0
2025-12-04 08:17:15,252 [INFO] LogOutputStream:77 - [STDOUT_REDIRECT] 1 : Invalid condition id : UX_CORESTACK_Condition cause : null
2025-12-04 08:17:15,255 [INFO] LogOutputStream:77 - [STDOUT_REDIRECT] 1 : Invalid condition id : UX_CORESTACK_Condition cause : null
2025-12-04 08:17:15,263 [INFO] LogOutputStream:77 - [STDOUT_REDIRECT] 1 : Invalid condition id : UX_CORESTACK_Condition cause : null
2025-12-04 08:17:15,269 [INFO] LogOutputStream:77 - [STDOUT_REDIRECT] 1 : Invalid condition id : UX_CORESTACK_Condition cause : null
2025-12-04 08:17:15,275 [INFO] LogOutputStream:77 - [STDOUT_REDIRECT] 1 : Invalid condition id : UX_CORESTACK_Condition cause : null
2025-12-04 08:17:15,284 [WARN] PackLoader:240 - Cannot read IP mode file for STMicroelectronics.X-CUBE-AZRTOS-WL.2.0.0
2025-12-04 08:17:15,349 [WARN] PackLoader:240 - Cannot read IP mode file for STMicroelectronics.FP-SNS-MOTENV1.5.0.0
2025-12-04 08:17:15,443 [WARN] PackLoader:240 - Cannot read IP mode file for STMicroelectronics.X-CUBE-AZRTOS-H7RS.1.2.0
2025-12-04 08:17:15,490 [WARN] PackLoader:240 - Cannot read IP mode file for wolfSSL.I-CUBE-wolfMQTT.1.19.0
2025-12-04 08:17:15,540 [WARN] PackLoader:240 - Cannot read IP mode file for WES.I-CUBE-Cesium.1.3.0
2025-12-04 08:17:15,582 [WARN] PackLoader:240 - Cannot read IP mode file for STMicroelectronics.X-CUBE-BLE2.3.3.0
2025-12-04 08:17:15,695 [WARN] PackLoader:240 - Cannot read IP mode file for STMicroelectronics.X-CUBE-NFC9.1.0.0
2025-12-04 08:17:15,736 [WARN] PackLoader:240 - Cannot read IP mode file for STMicroelectronics.X-CUBE-BLE1.7.1.0
2025-12-04 08:17:15,773 [WARN] PackLoader:240 - Cannot read IP mode file for STMicroelectronics.X-CUBE-TCPP.4.1.0
2025-12-04 08:17:15,812 [WARN] PackLoader:240 - Cannot read IP mode file for STMicroelectronics.X-CUBE-FREERTOS.1.4.0
2025-12-04 08:17:15,870 [WARN] PackLoader:240 - Cannot read IP mode file for STMicroelectronics.X-CUBE-EEPRMA1.5.2.0
2025-12-04 08:17:16,091 [WARN] PackLoader:240 - Cannot read IP mode file for STMicroelectronics.X-CUBE-ST67W61.1.1.0
2025-12-04 08:17:16,287 [WARN] PackLoader:240 - Cannot read IP mode file for STMicroelectronics.X-CUBE-MEMS1.12.0.0
2025-12-04 08:17:16,518 [WARN] PackLoader:240 - Cannot read IP mode file for STMicroelectronics.X-CUBE-AZRTOS-G0.1.1.0
2025-12-04 08:17:16,559 [WARN] PackLoader:240 - Cannot read IP mode file for STMicroelectronics.X-CUBE-SAFEA1.1.2.2
2025-12-04 08:17:16,595 [WARN] PackLoader:240 - Cannot read IP mode file for STMicroelectronics.X-CUBE-NFC4.3.0.0
2025-12-04 08:17:16,643 [WARN] PackLoader:240 - Cannot read IP mode file for EmbeddedOffice.I-CUBE-FS-RTOS.1.0.1
2025-12-04 08:17:16,681 [WARN] PackLoader:240 - Cannot read IP mode file for STMicroelectronics.X-CUBE-WB05N.2.0.0
2025-12-04 08:17:16,708 [WARN] PackLoader:240 - Cannot read IP mode file for STMicroelectronics.X-CUBE-TCPP.4.2.0
2025-12-04 08:17:16,741 [WARN] PackLoader:240 - Cannot read IP mode file for RealThread.X-CUBE-RT-Thread_Nano.4.1.1
2025-12-04 08:17:16,788 [WARN] PackLoader:240 - Cannot read IP mode file for STMicroelectronics.FP-ATR-SIGFOX1.3.2.0
2025-12-04 08:17:16,867 [WARN] PackLoader:240 - Cannot read IP mode file for wolfSSL.I-CUBE-wolfSSL.5.7.2
2025-12-04 08:17:17,027 [WARN] ConditionMgr:438 - getConditionDescription Invalid condition id : Cortex-A Device cause : null
2025-12-04 08:17:17,090 [WARN] ConditionMgr:1044 - genDependencies : Invalid condition id : Cortex-A Device cause : null
2025-12-04 08:17:17,090 [WARN] ConditionMgr:1044 - genDependencies : Invalid condition id : Cortex-A Device cause : null
2025-12-04 08:17:17,092 [WARN] ConditionMgr:1044 - genDependencies : Invalid condition id : Cortex-A Device cause : null
2025-12-04 08:17:17,156 [WARN] PackLoader:240 - Cannot read IP mode file for STMicroelectronics.X-CUBE-EEPRMA1.5.1.0
2025-12-04 08:17:17,214 [WARN] PackLoader:240 - Cannot read IP mode file for ITTIA_DB.I-CUBE-ITTIADB.8.9.0
2025-12-04 08:17:17,261 [WARN] PackLoader:240 - Cannot read IP mode file for STMicroelectronics.X-CUBE-ST67W61.1.0.0
2025-12-04 08:17:17,299 [WARN] PackLoader:240 - Cannot read IP mode file for STMicroelectronics.X-CUBE-AI.10.2.0
2025-12-04 08:17:17,312 [INFO] WebApp:463 - Apply proxy settings
2025-12-04 08:17:17,314 [INFO] WebApp:548 - Chromium requires no authentication
2025-12-04 08:17:17,336 [INFO] WebApp:491 - Direct internet connection detected
2025-12-04 08:17:17,415 [WARN] PackLoader:240 - Cannot read IP mode file for SEGGER.I-CUBE-embOS.1.3.1
2025-12-04 08:17:17,439 [INFO] WebApp:900 - Register for checkConnection events
2025-12-04 08:17:17,439 [INFO] WebApp:463 - Apply proxy settings
2025-12-04 08:17:17,439 [INFO] WebApp:548 - Chromium requires no authentication
2025-12-04 08:17:17,441 [INFO] WebApp:491 - Direct internet connection detected
2025-12-04 08:17:17,508 [WARN] PackLoader:240 - Cannot read IP mode file for STMicroelectronics.X-CUBE-ALGOBUILD.1.4.0
2025-12-04 08:17:17,704 [INFO] WebApp:191 - Connection restablished
2025-12-04 08:17:17,722 [WARN] PackLoader:240 - Cannot read IP mode file for STMicroelectronics.X-CUBE-MEMS1.11.3.0
2025-12-04 08:17:18,158 [WARN] PackLoader:240 - Cannot read IP mode file for STMicroelectronics.X-CUBE-AI.9.1.0
2025-12-04 08:17:18,247 [WARN] PackLoader:240 - Cannot read IP mode file for STMicroelectronics.X-CUBE-PM33A1.1.0.0
2025-12-04 08:17:18,751 [WARN] PackLoader:240 - Cannot read IP mode file for STMicroelectronics.X-CUBE-AZRTOS-F4.1.1.0
2025-12-04 08:17:18,835 [WARN] PackLoader:240 - Cannot read IP mode file for Avnet-IotConnect.X-CUBE-IoTC-DA16k-PMOD.1.0.0
2025-12-04 08:17:18,908 [WARN] PackLoader:240 - Cannot read IP mode file for STMicroelectronics.X-CUBE-ISPU.2.1.0
2025-12-04 08:17:18,993 [WARN] PackLoader:240 - Cannot read IP mode file for STMicroelectronics.X-CUBE-IPS.3.2.0
2025-12-04 08:17:19,056 [WARN] PackLoader:240 - Cannot read IP mode file for STMicroelectronics.X-CUBE-FREERTOS.1.2.0
2025-12-04 08:17:19,097 [INFO] WebApp:225 - Starting web application
2025-12-04 08:17:19,097 [INFO] WebApp:593 - Web application path used C:\ST\STM32CubeIDE_1.16.1\STM32CubeIDE\plugins\com.st.stm32cube.common.mx_6.15.0.202507011659\db\plugins\mcufinder\reactClient1\index.html
2025-12-04 08:17:19,149 [WARN] PackLoader:240 - Cannot read IP mode file for STMicroelectronics.X-CUBE-NFC12.1.0.0
2025-12-04 08:17:19,241 [WARN] PackLoader:240 - Cannot read IP mode file for STMicroelectronics.X-CUBE-AZRTOS-L5.2.0.0
2025-12-04 08:17:19,315 [WARN] PackLoader:240 - Cannot read IP mode file for STMicroelectronics.X-CUBE-NFC6.3.1.0
2025-12-04 08:17:19,418 [WARN] PackLoader:240 - Cannot read IP mode file for STMicroelectronics.X-CUBE-DPower.1.2.0
2025-12-04 08:17:19,452 [WARN] PackLoader:240 - Cannot read IP mode file for STMicroelectronics.X-CUBE-AI.9.0.0
2025-12-04 08:17:19,492 [WARN] PackLoader:240 - Cannot read IP mode file for STMicroelectronics.X-CUBE-FREERTOS.1.3.1
2025-12-04 08:17:19,527 [WARN] PackLoader:240 - Cannot read IP mode file for STMicroelectronics.X-CUBE-FREERTOS.1.3.0
2025-12-04 08:17:19,566 [WARN] PackLoader:240 - Cannot read IP mode file for STMicroelectronics.X-CUBE-NFC7.1.0.1
2025-12-04 08:17:19,603 [WARN] PackLoader:240 - Cannot read IP mode file for STMicroelectronics.X-CUBE-TOUCHGFX.4.26.0
2025-12-04 08:17:19,658 [WARN] PackLoader:240 - Cannot read IP mode file for STMicroelectronics.FP-SNS-STAIOTCFT.1.0.0
2025-12-04 08:17:19,695 [WARN] PackLoader:240 - Cannot read IP mode file for STMicroelectronics.X-CUBE-DPower.1.3.0
2025-12-04 08:17:19,790 [INFO] UserAuth:487 - Internet connection configuration mode: 1
2025-12-04 08:17:19,832 [WARN] ConditionMgr:438 - getConditionDescription Invalid condition id : LAN8742 Phy interface Condition cause : null
2025-12-04 08:17:19,834 [WARN] PackLoader:240 - Cannot read IP mode file for STMicroelectronics.X-CUBE-AZRTOS-L4.2.0.0
2025-12-04 08:17:19,838 [WARN] ConditionMgr:1044 - genDependencies : Invalid condition id : LAN8742 Phy interface Condition cause : null
2025-12-04 08:17:19,838 [WARN] ConditionMgr:1044 - genDependencies : Invalid condition id : LAN8742 Phy interface Condition cause : null
2025-12-04 08:17:19,838 [WARN] ConditionMgr:1044 - genDependencies : Invalid condition id : LAN8742 Phy interface Condition cause : null
2025-12-04 08:17:19,891 [WARN] PackLoader:240 - Cannot read IP mode file for STMicroelectronics.X-CUBE-SFXS2LP1.4.0.0
2025-12-04 08:17:19,991 [WARN] PackLoader:240 - Cannot read IP mode file for STMicroelectronics.X-CUBE-AZRTOS-H7.3.3.0
2025-12-04 08:17:20,052 [WARN] PackLoader:240 - Cannot read IP mode file for STMicroelectronics.X-CUBE-BLEMGR.4.1.0
2025-12-04 08:17:20,103 [WARN] PackLoader:240 - Cannot read IP mode file for STMicroelectronics.X-CUBE-IPS.3.0.0
2025-12-04 08:17:20,187 [WARN] ConditionMgr:438 - getConditionDescription Invalid condition id : UX DEVICE CLASS RTOS Condition cause : null
2025-12-04 08:17:20,189 [WARN] ConditionMgr:438 - getConditionDescription Invalid condition id : UX DEVICE CLASS RTOS Condition cause : null
2025-12-04 08:17:20,193 [WARN] PackLoader:240 - Cannot read IP mode file for STMicroelectronics.X-CUBE-AZRTOS-WB.2.0.0
2025-12-04 08:17:20,194 [WARN] ConditionMgr:1044 - genDependencies : Invalid condition id : UX DEVICE CLASS RTOS Condition cause : null
2025-12-04 08:17:20,196 [WARN] ConditionMgr:1044 - genDependencies : Invalid condition id : UX DEVICE CLASS RTOS Condition cause : null
2025-12-04 08:17:20,198 [WARN] ConditionMgr:1044 - genDependencies : Invalid condition id : UX DEVICE CLASS RTOS Condition cause : null
2025-12-04 08:17:20,198 [WARN] ConditionMgr:1044 - genDependencies : Invalid condition id : UX DEVICE CLASS RTOS Condition cause : null
2025-12-04 08:17:20,200 [WARN] ConditionMgr:1044 - genDependencies : Invalid condition id : UX DEVICE CLASS RTOS Condition cause : null
2025-12-04 08:17:20,244 [WARN] PackLoader:240 - Cannot read IP mode file for STMicroelectronics.X-CUBE-GNSS1.7.0.0
2025-12-04 08:17:20,293 [WARN] PackLoader:240 - Cannot read IP mode file for STMicroelectronics.X-CUBE-GNSS1.7.0.1
2025-12-04 08:17:20,341 [WARN] PackLoader:240 - Cannot read IP mode file for STMicroelectronics.X-CUBE-TOUCHGFX.4.25.0
2025-12-04 08:17:20,389 [WARN] PackLoader:240 - Cannot read IP mode file for STMicroelectronics.FP-SNS-STBOX1.2.0.0
2025-12-04 08:17:20,461 [WARN] PackLoader:240 - Cannot read IP mode file for STMicroelectronics.X-CUBE-SUBG2.5.0.0
2025-12-04 08:17:20,558 [WARN] PackLoader:240 - Cannot read IP mode file for STMicroelectronics.X-CUBE-AZRTOS-H7RS.1.1.0
2025-12-04 08:17:20,613 [WARN] PackLoader:240 - Cannot read IP mode file for Cesanta.I-CUBE-Mongoose.7.13.0
2025-12-04 08:17:20,688 [WARN] PackLoader:240 - Cannot read IP mode file for STMicroelectronics.X-CUBE-AZRTOS-G4.2.0.0
2025-12-04 08:17:20,724 [WARN] PackLoader:240 - Cannot read IP mode file for STMicroelectronics.X-CUBE-NFC7.2.0.0
2025-12-04 08:17:20,846 [WARN] PackLoader:240 - Cannot read IP mode file for STMicroelectronics.X-CUBE-IPS.3.1.0
2025-12-04 08:17:20,911 [WARN] PackLoader:240 - Cannot read IP mode file for STMicroelectronics.X-CUBE-ALS.1.0.2
2025-12-04 08:17:20,970 [WARN] PackLoader:240 - Cannot read IP mode file for STMicroelectronics.X-CUBE-TOUCHGFX.4.24.2
2025-12-04 08:17:21,008 [WARN] PackLoader:240 - Cannot read IP mode file for STMicroelectronics.X-CUBE-TOUCHGFX.4.24.1
2025-12-04 08:17:21,076 [WARN] PackLoader:240 - Cannot read IP mode file for STMicroelectronics.X-CUBE-STSE01.1.0.0
2025-12-04 08:17:21,137 [WARN] PackLoader:240 - Cannot read IP mode file for wolfSSL.I-CUBE-wolfTPM.3.4.0
2025-12-04 08:17:21,190 [WARN] PackLoader:240 - Cannot read IP mode file for portGmbH.I-Cube-SoM-uGOAL.1.1.0
2025-12-04 08:17:21,267 [WARN] PackLoader:240 - Cannot read IP mode file for STMicroelectronics.X-CUBE-AZRTOS-H7RS.1.0.0
2025-12-04 08:17:21,307 [WARN] PackLoader:240 - Cannot read IP mode file for STMicroelectronics.FP-ATR-ASTRA1.2.0.0
2025-12-04 08:17:21,364 [WARN] PackLoader:240 - Cannot read IP mode file for STMicroelectronics.X-CUBE-TOF1.3.4.2
2025-12-04 08:17:21,991 [WARN] PackLoader:240 - Cannot read IP mode file for STMicroelectronics.X-CUBE-TOF1.3.4.3
2025-12-04 08:17:22,449 [WARN] PackLoader:240 - Cannot read IP mode file for Infineon.AIROC-Wi-Fi-Bluetooth-STM32.1.6.1
2025-12-04 08:17:22,532 [WARN] PackLoader:240 - Cannot read IP mode file for wolfSSL.I-CUBE-wolfSSH.1.4.17
2025-12-04 08:17:22,534 [INFO] ThirdParty:978 - Integrity check success = true
2025-12-04 08:17:22,534 [INFO] IntegrityCheckThread:100 - exiting critical section [integrity check]
2025-12-04 08:17:22,534 [INFO] IntegrityCheckThread:103 - End integrity checks thread
2025-12-04 08:32:30,610 [ERROR] LogOutputStream:75 - [STDERR_REDIRECT] 
