2025-12-08 13:43:20,306 [INFO] Activator:176 - 


2025-12-08 13:43:20,316 [INFO] Activator:177 - !SESSION log4j initialized
2025-12-08 13:43:24,591 [INFO] LogOutputStream:77 - [STDOUT_REDIRECT] 
2025-12-08 13:43:29,071 [INFO] ApplicationProperties:184 - Using Application install path: C:\ST\STM32CubeIDE_1.16.1\STM32CubeIDE\plugins\com.st.stm32cube.common.mx_6.15.0.202507011659
2025-12-08 13:43:29,105 [INFO] DbMcusXml:78 - Set database path to: C:\ST\STM32CubeIDE_1.16.1\STM32CubeIDE\plugins\com.st.stm32cube.common.mx_6.15.0.202507011659\\db\/mcu/
2025-12-08 13:43:29,105 [INFO] ApiDb:274 - Set plugin database path to: C:\ST\STM32CubeIDE_1.16.1\STM32CubeIDE\plugins\com.st.stm32cube.common.mx_6.15.0.202507011659\\db\/plugins/boardmanager/
2025-12-08 13:43:29,107 [WARN] ApiDb:259 - Overriding images path with different value:  => C:\ST\STM32CubeIDE_1.16.1\STM32CubeIDE\plugins\com.st.stm32cube.common.mx_6.15.0.202507011659\\db\/plugins/mcufinder/images/
2025-12-08 13:43:29,139 [INFO] ApiDb:250 - Set database path to: C:\Users\penel\.stmcufinder\plugins\mcufinder//mcu/
2025-12-08 13:43:29,141 [INFO] DbMcusAds:125 - Set database path to: C:\Users\penel\.stmcufinder\plugins\mcufinder//mcu/
2025-12-08 13:43:29,153 [INFO] CrossReferenceDbSqlite:203 - Set database path to: C:\Users\penel\.stmcufinder\plugins\mcufinder//mcu/cs/
2025-12-08 13:43:29,382 [INFO] RulesReader:64 - Compatibility file has been processed (317 Rules)
2025-12-08 13:43:29,551 [INFO] DbMcusXml:78 - Set database path to: C:\ST\STM32CubeIDE_1.16.1\STM32CubeIDE\plugins\com.st.stm32cube.common.mx_6.15.0.202507011659\\db\/mcu/
2025-12-08 13:43:29,551 [INFO] ApiDb:274 - Set plugin database path to: C:\ST\STM32CubeIDE_1.16.1\STM32CubeIDE\plugins\com.st.stm32cube.common.mx_6.15.0.202507011659\\db\/plugins/boardmanager/
2025-12-08 13:43:29,551 [INFO] ApiDb:261 - Set plugin images path to: C:\ST\STM32CubeIDE_1.16.1\STM32CubeIDE\plugins\com.st.stm32cube.common.mx_6.15.0.202507011659\\db\/plugins/mcufinder/images/
2025-12-08 13:43:29,551 [WARN] DbFile:41 - Overriding database path with different value: C:\Users\penel\.stmcufinder\plugins\mcufinder/ => C:\Users\penel\.stmcufinder\plugins\mcufinder
2025-12-08 13:43:29,551 [INFO] ApiDb:250 - Set database path to: C:\Users\penel\.stmcufinder\plugins\mcufinder//mcu/
2025-12-08 13:43:29,553 [WARN] DbFile:41 - Overriding database path with different value: C:\Users\penel\.stmcufinder\plugins\mcufinder/ => C:\Users\penel\.stmcufinder\plugins\mcufinder
2025-12-08 13:43:29,553 [INFO] DbMcusAds:125 - Set database path to: C:\Users\penel\.stmcufinder\plugins\mcufinder//mcu/
2025-12-08 13:43:29,553 [WARN] DbFile:41 - Overriding database path with different value: C:\Users\penel\.stmcufinder\plugins\mcufinder/ => C:\Users\penel\.stmcufinder\plugins\mcufinder
2025-12-08 13:43:29,553 [WARN] DbFile:41 - Overriding database path with different value: C:\Users\penel\.stmcufinder\plugins\mcufinder/ => C:\Users\penel\.stmcufinder\plugins\mcufinder
2025-12-08 13:43:29,557 [INFO] CrossReferenceDbSqlite:203 - Set database path to: C:\Users\penel\.stmcufinder\plugins\mcufinder//mcu/cs/
2025-12-08 13:43:29,701 [INFO] MainPanel:274 - HeapMemory: 268435456
2025-12-08 13:43:29,978 [INFO] DbMcusXml:78 - Set database path to: C:\ST\STM32CubeIDE_1.16.1\STM32CubeIDE\plugins\com.st.stm32cube.common.mx_6.15.0.202507011659\\db\/mcu/
2025-12-08 13:43:29,978 [INFO] ApiDb:274 - Set plugin database path to: C:\ST\STM32CubeIDE_1.16.1\STM32CubeIDE\plugins\com.st.stm32cube.common.mx_6.15.0.202507011659\\db\/plugins/boardmanager/
2025-12-08 13:43:29,978 [INFO] ApiDb:261 - Set plugin images path to: C:\ST\STM32CubeIDE_1.16.1\STM32CubeIDE\plugins\com.st.stm32cube.common.mx_6.15.0.202507011659\\db\/plugins/mcufinder/images/
2025-12-08 13:43:29,979 [WARN] DbFile:41 - Overriding database path with different value: C:\Users\penel\.stmcufinder\plugins\mcufinder/ => C:\Users\penel\.stmcufinder\plugins\mcufinder
2025-12-08 13:43:29,979 [INFO] ApiDb:250 - Set database path to: C:\Users\penel\.stmcufinder\plugins\mcufinder//mcu/
2025-12-08 13:43:29,979 [WARN] DbFile:41 - Overriding database path with different value: C:\Users\penel\.stmcufinder\plugins\mcufinder/ => C:\Users\penel\.stmcufinder\plugins\mcufinder
2025-12-08 13:43:29,979 [INFO] DbMcusAds:125 - Set database path to: C:\Users\penel\.stmcufinder\plugins\mcufinder//mcu/
2025-12-08 13:43:29,980 [WARN] DbFile:41 - Overriding database path with different value: C:\Users\penel\.stmcufinder\plugins\mcufinder/ => C:\Users\penel\.stmcufinder\plugins\mcufinder
2025-12-08 13:43:29,980 [WARN] DbFile:41 - Overriding database path with different value: C:\Users\penel\.stmcufinder\plugins\mcufinder/ => C:\Users\penel\.stmcufinder\plugins\mcufinder
2025-12-08 13:43:29,987 [INFO] CrossReferenceDbSqlite:203 - Set database path to: C:\Users\penel\.stmcufinder\plugins\mcufinder//mcu/cs/
2025-12-08 13:43:30,035 [INFO] ApplicationProperties:184 - Using Application install path: C:\ST\STM32CubeIDE_1.16.1\STM32CubeIDE\plugins\com.st.stm32cube.common.mx_6.15.0.202507011659
2025-12-08 13:43:30,038 [INFO] PluginManage:196 - Search for loadable plugins [exclusion list=, ]
2025-12-08 13:43:30,042 [INFO] PluginManage:310 - Check plugin analytics
2025-12-08 13:43:30,420 [INFO] AnalyticsPlugin:253 - Accepted Software Licenses: STM32CubeMX.6.15.0
2025-12-08 13:43:30,420 [INFO] AnalyticsPlugin:255 - Accepted CMSIS Pack Licenses: STMicroelectronics.X-CUBE-TOF1.3.4.3
2025-12-08 13:43:30,420 [INFO] AnalyticsPlugin:257 - Accepted Firmware Licenses: FW.WB.1.20.0,FW.G4.1.6.0
2025-12-08 13:43:30,426 [INFO] PluginManage:359 - Loaded plugin analytics (category:tool,tabindex:-1)
2025-12-08 13:43:30,427 [INFO] PluginManage:310 - Check plugin cadmodel
2025-12-08 13:43:30,452 [INFO] CADModel:105 - Init CAD model plugin
2025-12-08 13:43:30,452 [INFO] PluginManage:359 - Loaded plugin cadmodel (category:power,tabindex:5)
2025-12-08 13:43:30,452 [INFO] PluginManage:310 - Check plugin clock
2025-12-08 13:43:30,485 [INFO] PluginManage:359 - Loaded plugin clock (category:base,tabindex:2)
2025-12-08 13:43:30,485 [INFO] PluginManage:310 - Check plugin ddr
2025-12-08 13:43:30,489 [INFO] PluginManage:359 - Loaded plugin ddr (category:tool,tabindex:6)
2025-12-08 13:43:30,489 [INFO] PluginManage:310 - Check plugin filemanager
2025-12-08 13:43:30,713 [INFO] PluginManage:359 - Loaded plugin filemanager (category:base,tabindex:10)
2025-12-08 13:43:30,714 [INFO] PluginManage:310 - Check plugin ipmanager
2025-12-08 13:43:30,723 [INFO] PluginManage:359 - Loaded plugin ipmanager (category:base,tabindex:5)
2025-12-08 13:43:30,723 [INFO] PluginManage:310 - Check plugin lpbam
2025-12-08 13:43:30,753 [INFO] PluginManage:359 - Loaded plugin lpbam (category:base,tabindex:0)
2025-12-08 13:43:30,754 [INFO] PluginManage:310 - Check plugin memorymap
2025-12-08 13:43:30,795 [INFO] PluginManage:359 - Loaded plugin memorymap (category:base,tabindex:4)
2025-12-08 13:43:30,795 [INFO] PluginManage:310 - Check plugin pinoutandconfiguration
2025-12-08 13:43:30,828 [INFO] PluginManage:359 - Loaded plugin pinoutandconfiguration (category:base,tabindex:1)
2025-12-08 13:43:30,828 [INFO] PluginManage:310 - Check plugin pinoutconfig
2025-12-08 13:43:31,018 [WARN] SupportedApi:132 - Cannot load RTOS API schema: s4s-elt-must-match.1: The content of 'definitions' must match (annotation?, (simpleType | complexType)?, (unique | key | keyref)*)). A problem was found starting at: attribute.
2025-12-08 13:43:31,330 [INFO] PluginManage:359 - Loaded plugin pinoutconfig (category:base,tabindex:0)
2025-12-08 13:43:31,331 [INFO] PluginManage:310 - Check plugin power
2025-12-08 13:43:31,361 [INFO] PluginManage:359 - Loaded plugin power (category:power,tabindex:4)
2025-12-08 13:43:31,361 [INFO] PluginManage:310 - Check plugin projectmanager
2025-12-08 13:43:31,382 [INFO] PluginManage:359 - Loaded plugin projectmanager (category:projectmanager,tabindex:4)
2025-12-08 13:43:31,382 [INFO] PluginManage:310 - Check plugin rif
2025-12-08 13:43:31,415 [INFO] PluginManage:359 - Loaded plugin rif (category:base,tabindex:3)
2025-12-08 13:43:31,415 [INFO] PluginManage:310 - Check plugin thirdparty
2025-12-08 13:43:31,931 [INFO] PluginManage:359 - Loaded plugin thirdparty (category:base,tabindex:-1)
2025-12-08 13:43:31,931 [INFO] PluginManage:310 - Check plugin tools
2025-12-08 13:43:31,931 [WARN] IntegrityCheckThread:84 - waiting for thirdparty lock release [integrity check]
2025-12-08 13:43:31,931 [INFO] IntegrityCheckThread:86 - entering critical section [integrity check]
2025-12-08 13:43:31,931 [INFO] ThirdPartyUpdaterWithRetryManager:70 - Updater plugin not ready yet. [1/15]
2025-12-08 13:43:31,996 [INFO] PluginManage:359 - Loaded plugin tools (category:base,tabindex:7)
2025-12-08 13:43:31,996 [INFO] PluginManage:310 - Check plugin tutovideos
2025-12-08 13:43:32,385 [INFO] PluginManage:359 - Loaded plugin tutovideos (category:base,tabindex:-1)
2025-12-08 13:43:32,385 [INFO] PluginManage:310 - Check plugin updater
2025-12-08 13:43:32,413 [INFO] PluginManage:359 - Loaded plugin updater (category:base,tabindex:12)
2025-12-08 13:43:32,413 [INFO] PluginManage:310 - Check plugin userauth
2025-12-08 13:43:32,420 [INFO] UserAuth:118 - Init User Auth plugin
2025-12-08 13:43:32,423 [INFO] PluginManage:359 - Loaded plugin userauth (category:base,tabindex:14)
2025-12-08 13:43:32,424 [INFO] PluginManage:283 - PluginManage : Loaded plugins [18]
2025-12-08 13:43:32,777 [INFO] PinOutPanel:1589 - setPackage(No Configuration,No Configuration)
2025-12-08 13:43:32,918 [INFO] CADModel:165 - CPN selected for project level
2025-12-08 13:43:32,918 [INFO] CADModel:114 - Register for checkConnection events
2025-12-08 13:43:32,959 [INFO] IPUIPlugin:80 - create IPUIPlugin
2025-12-08 13:43:32,959 [INFO] PluginManager:220 - loadIPPluginJar : add adc
2025-12-08 13:43:33,024 [INFO] IPUIPlugin:80 - create IPUIPlugin
2025-12-08 13:43:33,024 [INFO] PluginManager:220 - loadIPPluginJar : add aes
2025-12-08 13:43:33,098 [INFO] IPUIPlugin:80 - create IPUIPlugin
2025-12-08 13:43:33,098 [INFO] PluginManager:220 - loadIPPluginJar : add can
2025-12-08 13:43:33,143 [INFO] IPUIPlugin:80 - create IPUIPlugin
2025-12-08 13:43:33,143 [INFO] PluginManager:220 - loadIPPluginJar : add comp
2025-12-08 13:43:33,208 [INFO] IPUIPlugin:80 - create IPUIPlugin
2025-12-08 13:43:33,208 [INFO] PluginManager:220 - loadIPPluginJar : add cryp
2025-12-08 13:43:33,232 [INFO] IPUIPlugin:80 - create IPUIPlugin
2025-12-08 13:43:33,232 [INFO] PluginManager:220 - loadIPPluginJar : add ddr_ctrl_phy
2025-12-08 13:43:33,290 [INFO] IPUIPlugin:80 - create IPUIPlugin
2025-12-08 13:43:33,291 [INFO] PluginManager:220 - loadIPPluginJar : add dfsdm
2025-12-08 13:43:33,316 [INFO] IPUIPlugin:80 - create IPUIPlugin
2025-12-08 13:43:33,316 [INFO] PluginManager:220 - loadIPPluginJar : add dma
2025-12-08 13:43:33,408 [INFO] IPUIPlugin:80 - create IPUIPlugin
2025-12-08 13:43:33,408 [INFO] PluginManager:220 - loadIPPluginJar : add dma3
2025-12-08 13:43:33,489 [INFO] IPUIPlugin:80 - create IPUIPlugin
2025-12-08 13:43:33,489 [INFO] PluginManager:220 - loadIPPluginJar : add extmemmanager
2025-12-08 13:43:33,528 [INFO] IPUIPlugin:80 - create IPUIPlugin
2025-12-08 13:43:33,529 [INFO] PluginManager:220 - loadIPPluginJar : add fatfs
2025-12-08 13:43:33,615 [INFO] IPUIPlugin:80 - create IPUIPlugin
2025-12-08 13:43:33,615 [INFO] PluginManager:220 - loadIPPluginJar : add fmc
2025-12-08 13:43:33,645 [INFO] IPUIPlugin:80 - create IPUIPlugin
2025-12-08 13:43:33,645 [INFO] PluginManager:220 - loadIPPluginJar : add freertos
2025-12-08 13:43:33,688 [INFO] IPUIPlugin:80 - create IPUIPlugin
2025-12-08 13:43:33,688 [INFO] PluginManager:220 - loadIPPluginJar : add genericplugin
2025-12-08 13:43:33,858 [INFO] IPUIPlugin:80 - create IPUIPlugin
2025-12-08 13:43:33,858 [INFO] PluginManager:220 - loadIPPluginJar : add gfxmmu
2025-12-08 13:43:34,097 [INFO] IPUIPlugin:80 - create IPUIPlugin
2025-12-08 13:43:34,097 [INFO] PluginManager:220 - loadIPPluginJar : add gic
2025-12-08 13:43:34,122 [INFO] IPUIPlugin:80 - create IPUIPlugin
2025-12-08 13:43:34,123 [INFO] PluginManager:220 - loadIPPluginJar : add gpio
2025-12-08 13:43:34,271 [INFO] IPUIPlugin:80 - create IPUIPlugin
2025-12-08 13:43:34,271 [INFO] PluginManager:220 - loadIPPluginJar : add gtzc
2025-12-08 13:43:34,328 [INFO] IPUIPlugin:80 - create IPUIPlugin
2025-12-08 13:43:34,328 [INFO] PluginManager:220 - loadIPPluginJar : add hash
2025-12-08 13:43:34,426 [INFO] IPUIPlugin:80 - create IPUIPlugin
2025-12-08 13:43:34,426 [INFO] PluginManager:220 - loadIPPluginJar : add i2c
2025-12-08 13:43:34,498 [INFO] IPUIPlugin:80 - create IPUIPlugin
2025-12-08 13:43:34,499 [INFO] PluginManager:220 - loadIPPluginJar : add i2s
2025-12-08 13:43:34,594 [INFO] IPUIPlugin:80 - create IPUIPlugin
2025-12-08 13:43:34,594 [INFO] PluginManager:220 - loadIPPluginJar : add i3c
2025-12-08 13:43:34,757 [INFO] IPUIPlugin:80 - create IPUIPlugin
2025-12-08 13:43:34,757 [INFO] PluginManager:220 - loadIPPluginJar : add ipddr
2025-12-08 13:43:34,933 [INFO] ThirdPartyUpdaterWithRetryManager:70 - Updater plugin not ready yet. [2/15]
2025-12-08 13:43:34,937 [INFO] IPUIPlugin:80 - create IPUIPlugin
2025-12-08 13:43:34,937 [INFO] PluginManager:220 - loadIPPluginJar : add linkedlist
2025-12-08 13:43:35,001 [INFO] IPUIPlugin:80 - create IPUIPlugin
2025-12-08 13:43:35,001 [INFO] PluginManager:220 - loadIPPluginJar : add lorawan
2025-12-08 13:43:35,066 [INFO] IPUIPlugin:80 - create IPUIPlugin
2025-12-08 13:43:35,066 [INFO] PluginManager:220 - loadIPPluginJar : add ltdc
2025-12-08 13:43:35,091 [INFO] IPUIPlugin:80 - create IPUIPlugin
2025-12-08 13:43:35,092 [INFO] PluginManager:220 - loadIPPluginJar : add mdma
2025-12-08 13:43:35,111 [INFO] IPUIPlugin:80 - create IPUIPlugin
2025-12-08 13:43:35,111 [INFO] PluginManager:220 - loadIPPluginJar : add nvic
2025-12-08 13:43:35,176 [INFO] IPUIPlugin:80 - create IPUIPlugin
2025-12-08 13:43:35,176 [INFO] PluginManager:220 - loadIPPluginJar : add opamp
2025-12-08 13:43:35,287 [INFO] IPUIPlugin:80 - create IPUIPlugin
2025-12-08 13:43:35,288 [INFO] PluginManager:220 - loadIPPluginJar : add openamp
2025-12-08 13:43:35,364 [INFO] IPUIPlugin:80 - create IPUIPlugin
2025-12-08 13:43:35,364 [INFO] PluginManager:220 - loadIPPluginJar : add pdm2pcm
2025-12-08 13:43:35,388 [INFO] IPUIPlugin:80 - create IPUIPlugin
2025-12-08 13:43:35,392 [INFO] PluginManager:220 - loadIPPluginJar : add plateformsettings
2025-12-08 13:43:35,441 [INFO] IPUIPlugin:80 - create IPUIPlugin
2025-12-08 13:43:35,441 [INFO] PluginManager:220 - loadIPPluginJar : add quadspi
2025-12-08 13:43:35,494 [INFO] IPUIPlugin:80 - create IPUIPlugin
2025-12-08 13:43:35,495 [INFO] PluginManager:220 - loadIPPluginJar : add radio
2025-12-08 13:43:35,519 [INFO] IPUIPlugin:80 - create IPUIPlugin
2025-12-08 13:43:35,519 [INFO] PluginManager:220 - loadIPPluginJar : add resmgrutility
2025-12-08 13:43:35,600 [INFO] IPUIPlugin:80 - create IPUIPlugin
2025-12-08 13:43:35,600 [INFO] PluginManager:220 - loadIPPluginJar : add sai
2025-12-08 13:43:35,665 [INFO] IPUIPlugin:80 - create IPUIPlugin
2025-12-08 13:43:35,665 [INFO] PluginManager:220 - loadIPPluginJar : add spi
2025-12-08 13:43:35,788 [INFO] IPUIPlugin:80 - create IPUIPlugin
2025-12-08 13:43:35,788 [INFO] PluginManager:220 - loadIPPluginJar : add stm32_wpan
2025-12-08 13:43:35,830 [INFO] IPUIPlugin:80 - create IPUIPlugin
2025-12-08 13:43:35,830 [INFO] PluginManager:220 - loadIPPluginJar : add tim
2025-12-08 13:43:35,931 [INFO] IPUIPlugin:80 - create IPUIPlugin
2025-12-08 13:43:35,931 [INFO] PluginManager:220 - loadIPPluginJar : add touchsensing
2025-12-08 13:43:35,974 [INFO] IPUIPlugin:80 - create IPUIPlugin
2025-12-08 13:43:35,975 [INFO] PluginManager:220 - loadIPPluginJar : add tracer_emb
2025-12-08 13:43:36,017 [INFO] IPUIPlugin:80 - create IPUIPlugin
2025-12-08 13:43:36,017 [INFO] PluginManager:220 - loadIPPluginJar : add ts
2025-12-08 13:43:36,064 [INFO] IPUIPlugin:80 - create IPUIPlugin
2025-12-08 13:43:36,064 [INFO] PluginManager:220 - loadIPPluginJar : add tsc
2025-12-08 13:43:36,106 [INFO] IPUIPlugin:80 - create IPUIPlugin
2025-12-08 13:43:36,106 [INFO] PluginManager:220 - loadIPPluginJar : add ucpd
2025-12-08 13:43:36,181 [INFO] IPUIPlugin:80 - create IPUIPlugin
2025-12-08 13:43:36,181 [INFO] PluginManager:220 - loadIPPluginJar : add usart
2025-12-08 13:43:36,273 [INFO] IPUIPlugin:80 - create IPUIPlugin
2025-12-08 13:43:36,273 [INFO] PluginManager:220 - loadIPPluginJar : add usbx
2025-12-08 13:43:36,447 [FATAL] Updater:351 - Updater called before beeing initialized
2025-12-08 13:43:36,510 [INFO] RulesReader:64 - Compatibility file has been processed (317 Rules)
2025-12-08 13:43:36,524 [INFO] RulesReader:64 - Compatibility file has been processed (317 Rules)
2025-12-08 13:43:36,543 [INFO] CADModel:165 - CPN selected for project level
2025-12-08 13:43:36,543 [INFO] CADModel:114 - Register for checkConnection events
2025-12-08 13:43:36,543 [FATAL] Updater:351 - Updater called before beeing initialized
2025-12-08 13:43:36,543 [ERROR] CADModel:125 - Updater not yet initialized, retry later 
2025-12-08 13:43:36,789 [FATAL] Updater:351 - Updater called before beeing initialized
2025-12-08 13:43:36,794 [INFO] CADModel:165 - CPN selected for project level
2025-12-08 13:43:36,794 [INFO] CADModel:114 - Register for checkConnection events
2025-12-08 13:43:36,794 [FATAL] Updater:351 - Updater called before beeing initialized
2025-12-08 13:43:36,794 [ERROR] CADModel:125 - Updater not yet initialized, retry later 
2025-12-08 13:43:36,799 [FATAL] Updater:351 - Updater called before beeing initialized
2025-12-08 13:43:37,026 [FATAL] Updater:351 - Updater called before beeing initialized
2025-12-08 13:43:37,049 [INFO] DbMcusAds:53 - JSON generation date=Tue Nov 25 15:08:32 CET 2025 (1764079712835)
2025-12-08 13:43:37,049 [FATAL] Updater:351 - Updater called before beeing initialized
2025-12-08 13:43:37,111 [WARN] DetailPanel:346 - Failed to get advertising image, set to default
2025-12-08 13:43:37,256 [FATAL] Updater:351 - Updater called before beeing initialized
2025-12-08 13:43:37,260 [FATAL] Updater:351 - Updater called before beeing initialized
2025-12-08 13:43:37,261 [FATAL] Updater:351 - Updater called before beeing initialized
2025-12-08 13:43:37,261 [WARN] DetailPanel:346 - Failed to get advertising image, set to default
2025-12-08 13:43:37,262 [FATAL] Updater:351 - Updater called before beeing initialized
2025-12-08 13:43:37,369 [ERROR] Updater:1198 - MainUpdater not yet initialized. External WinMGr cannot be set.
2025-12-08 13:43:37,387 [INFO] Updater:1134 - Updater Version found : 6.15.0
2025-12-08 13:43:37,408 [INFO] ApplicationProperties:184 - Using Application install path: C:\ST\STM32CubeIDE_1.16.1\STM32CubeIDE\plugins\com.st.stm32cube.common.mx_6.15.0.202507011659
2025-12-08 13:43:37,934 [INFO] ThirdPartyUpdaterWithRetryManager:70 - Updater plugin not ready yet. [3/15]
2025-12-08 13:43:39,021 [ERROR] LogOutputStream:75 - [STDERR_REDIRECT] Dec 08, 2025 1:43:39 PM java.util.prefs.WindowsPreferences <init>
2025-12-08 13:43:39,028 [ERROR] LogOutputStream:75 - [STDERR_REDIRECT] WARNING: Could not open/create prefs root node Software\JavaSoft\Prefs at root 0xffffffff80000002. Windows RegCreateKeyEx(...) returned error code 5.
2025-12-08 13:43:39,029 [ERROR] LogOutputStream:75 - [STDERR_REDIRECT] 
2025-12-08 13:43:40,936 [FATAL] Updater:351 - Updater called before beeing initialized
2025-12-08 13:43:40,938 [ERROR] IntegrityCheckThread:130 - Cannot retrieve database content from updater: error 21
2025-12-08 13:43:40,939 [INFO] ThirdParty:978 - Integrity check success = false
2025-12-08 13:43:40,940 [INFO] IntegrityCheckThread:100 - exiting critical section [integrity check]
2025-12-08 13:43:40,940 [INFO] IntegrityCheckThread:103 - End integrity checks thread
2025-12-08 13:43:43,860 [WARN] CheckConnectionManager:291 - Warning during Server Connection :  timeout Connect to sw-center.st.com:443 [sw-center.st.com/23.200.86.242, sw-center.st.com/23.200.86.240] failed: Connect timed out
2025-12-08 13:43:46,372 [INFO] MainUpdater:2872 - connection check result : 22
2025-12-08 13:43:46,374 [INFO] MainUpdater:289 - Updater Check For Update Now.
2025-12-08 13:43:46,374 [INFO] MicroXplorer:498 - Change Database Version : DB.6.0.150
2025-12-08 13:43:46,423 [INFO] McuFinderGlobals:63 - Set McuFinder mode to 2 (CubeIDE integrated)
2025-12-08 13:43:46,438 [INFO] UserAuth:487 - Internet connection configuration mode: 2
2025-12-08 13:43:46,444 [INFO] UserAuth:487 - Internet connection configuration mode: 2
2025-12-08 13:43:46,671 [INFO] CheckServerUpdateThread:120 - End of CheckServer Thread
2025-12-08 13:51:51,063 [ERROR] LogOutputStream:75 - [STDERR_REDIRECT] 
