16:17:59 **** Incremental Build of configuration Debug for project Base ****
make -j8 all 
arm-none-eabi-gcc "../Core/Src/user_interface/shell.c" -mcpu=cortex-m4 -std=gnu11 -g3 -DDEBUG -DUSE_HAL_DRIVER -DSTM32G474xx -c -I../Core/Inc -I../Drivers/STM32G4xx_HAL_Driver/Inc -I../Drivers/STM32G4xx_HAL_Driver/Inc/Legacy -I../Drivers/CMSIS/Device/ST/STM32G4xx/Include -I../Drivers/CMSIS/Include -O0 -ffunction-sections -fdata-sections -Wall -fstack-usage -fcyclomatic-complexity -MMD -MP -MF"Core/Src/user_interface/shell.d" -MT"Core/Src/user_interface/shell.o" --specs=nano.specs -mfpu=fpv4-sp-d16 -mfloat-abi=hard -mthumb -o "Core/Src/user_interface/shell.o"
arm-none-eabi-gcc -o "Base.elf" @"objects.list"   -mcpu=cortex-m4 -T"C:\Users\penel\Documents\ENSEA\3eme\ACTIONNEUR\2526_ESE_AAA_PENELUHAKKI\software\Base\STM32G474RETX_FLASH.ld" --specs=nosys.specs -Wl,-Map="Base.map" -Wl,--gc-sections -static --specs=nano.specs -mfpu=fpv4-sp-d16 -mfloat-abi=hard -mthumb -Wl,--start-group -lc -lm -Wl,--end-group
Finished building target: Base.elf
 
arm-none-eabi-size  Base.elf 
arm-none-eabi-objdump -h -S Base.elf  > "Base.list"
   text	   data	    bss	    dec	    hex	filename
  36484	     92	   3564	  40140	   9ccc	Base.elf
Finished building: default.size.stdout
 
Finished building: Base.list
 
16:18:03 **** Incremental Build of configuration Debug for project Base ****
make -j8 all 
arm-none-eabi-size  Base.elf 
   text	   data	    bss	    dec	    hex	filename
  36484	     92	   3564	  40140	   9ccc	Base.elf
Finished building: default.size.stdout
 
