16:58:30 **** Incremental Build of configuration Debug for project Base ****
make -j8 all 
arm-none-eabi-size  Base.elf 
   text	   data	    bss	    dec	    hex	filename
  36868	     92	   3572	  40532	   9e54	Base.elf
Finished building: default.size.stdout
 
16:58:35 **** Incremental Build of configuration Debug for project Base ****
make -j8 all 
arm-none-eabi-size  Base.elf 
   text	   data	    bss	    dec	    hex	filename
  36868	     92	   3572	  40532	   9e54	Base.elf
Finished building: default.size.stdout
 
